// Jest Snapshot v1, https://goo.gl/fbAQLP

exports[`<Details /> container renders <Error /> container 1`] = `
<div
  className="fade text-center alert alert-danger show"
  role="alert"
>
  Something went wrong!
</div>
`;

exports[`<Details /> container renders <Spinner /> container 1`] = `
<div
  className="Loader"
>
  Loading ...
</div>
`;

exports[`<Details /> container renders container correctly 1`] = `
Array [
  <div
    className="card-header"
  >
    <div
      className="row"
    >
      <div
        className="col-md-2"
      />
      <div
        className="text-center col-md-8"
      >
        <h5>
          Full name
        </h5>
      </div>
      <div
        className="text-right col-md-2"
      >
        <button
          className="btn btn-light"
          disabled={false}
          onClick={[Function]}
          type="button"
        >
          <svg
            aria-hidden="true"
            className="svg-inline--fa fa-trash fa-w-14 "
            data-icon="trash"
            data-prefix="fas"
            focusable="false"
            role="img"
            style={Object {}}
            viewBox="0 0 448 512"
            xmlns="http://www.w3.org/2000/svg"
          >
            <path
              d="M432 32H312l-9.4-18.7A24 24 0 0 0 281.1 0H166.8a23.72 23.72 0 0 0-21.4 13.3L136 32H16A16 16 0 0 0 0 48v32a16 16 0 0 0 16 16h416a16 16 0 0 0 16-16V48a16 16 0 0 0-16-16zM53.2 467a48 48 0 0 0 47.9 45h245.8a48 48 0 0 0 47.9-45L416 128H32z"
              fill="currentColor"
              style={Object {}}
            />
          </svg>
        </button>
      </div>
    </div>
  </div>,
  <div
    className="card-body"
  >
    <div
      className="container"
    >
      <div
        className="row"
      >
        <h3>
          Stats
        </h3>
      </div>
      <div
        className="row"
      >
        <ul
          style={
            Object {
              "listStyleType": "none",
            }
          }
        >
          <li>
            Stars: 
            1
          </li>
          <li>
            Watchers: 
            2
          </li>
          <li>
            Forks: 
            3
          </li>
        </ul>
      </div>
    </div>
    <div
      className="container"
    >
      <div
        className="row"
      >
        <h3>
          Languages
        </h3>
      </div>
      <div
        className="row"
      >
        <ul
          style={
            Object {
              "listStyleType": "none",
            }
          }
        >
          <li>
            Ruby
            : 
            4
          </li>
        </ul>
      </div>
    </div>
  </div>,
]
`;
