// Jest Snapshot v1, https://goo.gl/fbAQLP

exports[`<AddRepositoryFormComponent /> renders correctly 1`] = `
<Formik
  displayName="AddRepositoryFormContainer"
  handleSubmit={[Function]}
  initialValues={
    Object {
      "name": "",
    }
  }
  onSubmit={[Function]}
  store={
    Object {
      "clearActions": [Function],
      "dispatch": [Function],
      "getActions": [Function],
      "getState": [Function],
      "replaceReducer": [Function],
      "subscribe": [Function],
    }
  }
  validationSchema={[Function]}
>
  <Component />
</Formik>
`;
