// Jest Snapshot v1, https://goo.gl/fbAQLP

exports[`<Body /> component renders component correctly 1`] = `
Array [
  <div
    className="container"
  >
    <div
      className="row"
    >
      <h3>
        Stats
      </h3>
    </div>
    <div
      className="row"
    >
      <ul
        style={
          Object {
            "listStyleType": "none",
          }
        }
      >
        <li>
          Stars: 
          1
        </li>
        <li>
          Watchers: 
          2
        </li>
        <li>
          Forks: 
          3
        </li>
      </ul>
    </div>
  </div>,
  <div
    className="container"
  >
    <div
      className="row"
    >
      <h3>
        Languages
      </h3>
    </div>
    <div
      className="row"
    >
      <ul
        style={
          Object {
            "listStyleType": "none",
          }
        }
      >
        <li>
          Ruby
          : 
          4
        </li>
      </ul>
    </div>
  </div>,
]
`;
