// Jest Snapshot v1, https://goo.gl/fbAQLP

exports[`<Repository /> component renders component correctly 1`] = `
<a
  href="/details/1"
  onClick={[Function]}
>
  <button
    className="list-group-item list-group-item-action"
    disabled={false}
    onClick={[Function]}
  >
    <div
      className="row"
    >
      <div
        className="col-md-7"
      >
        Name
      </div>
      <div
        className="text-right col-md-5"
      >
        1
      </div>
    </div>
  </button>
</a>
`;
