// Jest Snapshot v1, https://goo.gl/fbAQLP

exports[`<AddRepository /> component renders component correctly 1`] = `
Array [
  <div
    className="card-header"
  >
    <div
      className="row"
    >
      <div
        className="col-md-2"
      />
      <div
        className="text-center col-md-8"
      >
        <h5>
          Add Repository
        </h5>
      </div>
      <div
        className="text-right col-md-2"
      />
    </div>
  </div>,
  <div
    className="card-body"
  >
    <div
      className="container-fluid"
    >
      <div
        className="col-md-8 offset-md-2"
      >
        <form
          className=""
          onSubmit={[Function]}
        >
          <div
            className="form-group"
          >
            <input
              className="form-control"
              id="name"
              name="name"
              onBlur={[Function]}
              onChange={[Function]}
              placeholder="Enter repository name, e.g. rubygarage/truemail"
              value=""
            />
          </div>
          <button
            className="btn btn-primary btn-block btn-lg"
            disabled={false}
            type="submit"
          >
            Add
          </button>
        </form>
      </div>
    </div>
  </div>,
]
`;
