// Jest Snapshot v1, https://goo.gl/fbAQLP

exports[`<HeaderComponent /> renders correctly 1`] = `
<Row
  noGutters={false}
>
  <Col
    md={2}
  />
  <Col
    className="text-center"
    md={8}
  >
    <h5>
      Github Stargazer
    </h5>
  </Col>
  <Col
    className="text-right"
    md={2}
  >
    <Link
      to="/new"
    >
      <Button
        active={false}
        disabled={false}
        variant="light"
      >
        <FontAwesomeIcon
          border={false}
          className=""
          fixedWidth={false}
          flip={null}
          icon={
            Object {
              "icon": Array [
                448,
                512,
                Array [],
                "f067",
                "M416 208H272V64c0-17.67-14.33-32-32-32h-32c-17.67 0-32 14.33-32 32v144H32c-17.67 0-32 14.33-32 32v32c0 17.67 14.33 32 32 32h144v144c0 17.67 14.33 32 32 32h32c17.67 0 32-14.33 32-32V304h144c17.67 0 32-14.33 32-32v-32c0-17.67-14.33-32-32-32z",
              ],
              "iconName": "plus",
              "prefix": "fas",
            }
          }
          inverse={false}
          listItem={false}
          mask={null}
          pull={null}
          pulse={false}
          rotation={null}
          size={null}
          spin={false}
          swapOpacity={false}
          symbol={false}
          title=""
          transform={null}
        />
      </Button>
    </Link>
  </Col>
</Row>
`;
